
=== Mon Mar 29 12:14:51 2021

Packages were changed.
Update Mode: resetToDefaultDependencies

The following packages were added:
  com.unity.collab-proxy@1.3.9
  com.unity.ide.rider@2.0.7
  com.unity.ide.visualstudio@2.0.7
  com.unity.ide.vscode@1.2.3
  com.unity.modules.ai@1.0.0
  com.unity.modules.androidjni@1.0.0
  com.unity.modules.animation@1.0.0
  com.unity.modules.assetbundle@1.0.0
  com.unity.modules.audio@1.0.0
  com.unity.modules.cloth@1.0.0
  com.unity.modules.director@1.0.0
  com.unity.modules.imageconversion@1.0.0
  com.unity.modules.imgui@1.0.0
  com.unity.modules.jsonserialize@1.0.0
  com.unity.modules.particlesystem@1.0.0
  com.unity.modules.physics@1.0.0
  com.unity.modules.physics2d@1.0.0
  com.unity.modules.screencapture@1.0.0
  com.unity.modules.terrain@1.0.0
  com.unity.modules.terrainphysics@1.0.0
  com.unity.modules.tilemap@1.0.0
  com.unity.modules.ui@1.0.0
  com.unity.modules.uielements@1.0.0
  com.unity.modules.umbra@1.0.0
  com.unity.modules.unityanalytics@1.0.0
  com.unity.modules.unitywebrequest@1.0.0
  com.unity.modules.unitywebrequestassetbundle@1.0.0
  com.unity.modules.unitywebrequestaudio@1.0.0
  com.unity.modules.unitywebrequesttexture@1.0.0
  com.unity.modules.unitywebrequestwww@1.0.0
  com.unity.modules.vehicles@1.0.0
  com.unity.modules.video@1.0.0
  com.unity.modules.vr@1.0.0
  com.unity.modules.wind@1.0.0
  com.unity.modules.xr@1.0.0
  com.unity.test-framework@1.1.22
  com.unity.textmeshpro@3.0.1
  com.unity.timeline@1.4.6
  com.unity.ugui@1.0.0

=== Tue Mar 30 12:07:23 2021

Packages were changed.
Update Mode: updateDependencies

The following packages were updated:
  com.unity.test-framework from version 1.1.22 to 1.1.24

=== Fri Apr 30 09:06:56 2021

Packages were changed.
Update Mode: updateDependencies

The following packages were updated:
  com.unity.timeline from version 1.4.6 to 1.4.7

=== Mon Jul 12 11:49:46 2021

Packages were changed.
Update Mode: updateDependencies

The following packages were updated:
  com.unity.collab-proxy from version 1.3.9 to 1.5.7
  com.unity.ide.visualstudio from version 2.0.7 to 2.0.9
  com.unity.test-framework from version 1.1.24 to 1.1.26
  com.unity.textmeshpro from version 3.0.1 to 3.0.6
  com.unity.timeline from version 1.4.7 to 1.4.8

=== Wed May 18 13:08:38 2022

Packages were changed.
Update Mode: updateDependencies

The following packages were updated:
  com.unity.collab-proxy from version 1.5.7 to 1.15.16
  com.unity.ide.visualstudio from version 2.0.9 to 2.0.14
  com.unity.ide.vscode from version 1.2.3 to 1.2.5
  com.unity.test-framework from version 1.1.26 to 1.1.31

=== Wed Jun 15 15:27:17 2022

Packages were changed.
Update Mode: mergeDefaultDependencies

The following packages were added:
  com.unity.2d.sprite@1.0.0
  com.unity.2d.tilemap@1.0.0
  com.unity.vectorgraphics@2.0.0-preview.14

=== Tue Jun 21 12:24:06 2022

Packages were changed.
Update Mode: updateDependencies

The following packages were updated:
  com.unity.collab-proxy from version 1.15.16 to 1.15.18
  com.unity.ide.visualstudio from version 2.0.14 to 2.0.15

=== Wed Jul 27 12:30:47 2022

Packages were changed.
Update Mode: updateDependencies

The following packages were updated:
  com.unity.collab-proxy from version 1.15.18 to 1.17.0
  com.unity.ide.visualstudio from version 2.0.15 to 2.0.16

=== Tue Aug 23 10:41:56 2022

Packages were changed.
Update Mode: updateDependencies

The following packages were updated:
  com.unity.collab-proxy from version 1.17.0 to 1.17.2

=== Thu Sep 15 17:38:49 2022

Packages were changed.
Update Mode: updateDependencies

The following packages were updated:
  com.unity.ide.rider from version 2.0.7 to 3.0.15

=== Fri Oct 21 17:58:12 2022

Packages were changed.
Update Mode: updateDependencies

The following packages were updated:
  com.unity.test-framework from version 1.1.31 to 1.1.33

=== Fri Nov 18 11:48:35 2022

Packages were changed.
Update Mode: updateDependencies

The following packages were updated:
  com.unity.collab-proxy from version 1.17.2 to 1.17.6
  com.unity.ide.rider from version 3.0.15 to 3.0.16

=== Wed May 24 19:59:53 2023

Packages were changed.
Update Mode: updateDependencies

The following packages were updated:
  com.unity.collab-proxy from version 1.17.6 to 2.0.4
  com.unity.ide.rider from version 3.0.16 to 3.0.21
  com.unity.ide.visualstudio from version 2.0.16 to 2.0.18

=== Wed Nov  1 12:12:30 2023

Packages were changed.
Update Mode: updateDependencies

The following packages were added:
  com.unity.ai.navigation@1.1.5
The following packages were updated:
  com.unity.collab-proxy from version 2.0.4 to 2.2.0
  com.unity.ide.rider from version 3.0.21 to 3.0.25
  com.unity.ide.visualstudio from version 2.0.18 to 2.0.21
  com.unity.timeline from version 1.4.8 to 1.7.6

=== Fri Nov 29 19:51:13 2024

Packages were changed.
Update Mode: updateDependencies

The following packages were updated:
  com.unity.collab-proxy from version 2.2.0 to 2.5.2
  com.unity.ide.rider from version 3.0.25 to 3.0.34
  com.unity.ide.visualstudio from version 2.0.21 to 2.0.22
  com.unity.textmeshpro from version 3.0.6 to 3.0.7
